HEY THERE, SONY!  GIVE GRANDMA A KISS!
HUH?!  SPEAK UP, SONY!
NO, NOT SINCE 1945!
NO, NOT SINCE 1933!
NO, NOT SINCE 1944!
NO, NOT SINCE 1934!
BYE SWEETIE!